// Jest Snapshot v1, https://goo.gl/fbAQLP

exports[`icon render success 1`] = `
<span>
  <svg
    className="react-ui-icon"
  >
    <use
      xlinkHref="#wechat"
    />
  </svg>
</span>
`;

exports[`icon 是个 svg 1`] = `
<span>
  <svg
    className="react-ui-icon"
  >
    <use
      xlinkHref="#wechat"
    />
  </svg>
</span>
`;
